
> ethioai-tourism-server@1.0.0 build
> npm run prisma:generate && tsc


> ethioai-tourism-server@1.0.0 prisma:generate
> prisma generate

Environment variables loaded from .env
Prisma schema loaded from prisma\schema.prisma

Γ£ö Generated Prisma Client (v5.22.0) to .\node_modules\@prisma\client in 388ms

Start by importing your Prisma Client (See: https://pris.ly/d/importing-client)

Tip: Interested in query caching in just a few lines of code? Try Accelerate today! https://pris.ly/tip-3-accelerate

src/controllers/tour.controller.ts(69,13): error TS2561: Object literal may only specify known properties, but 'user' does not exist in type 'reviewsInclude<DefaultArgs>'. Did you mean to write 'users'?
src/controllers/webhook.controller.ts(27,74): error TS2304: Cannot find name 'v'.
src/controllers/webhook.controller.ts(87,73): error TS2304: Cannot find name 'v'.
src/controllers/webhook.controller.ts(143,73): error TS2304: Cannot find name 'v'.
src/controllers/webhook.controller.ts(187,62): error TS2304: Cannot find name 'v'.
src/controllers/webhook.controller.ts(212,99): error TS2304: Cannot find name 'v'.
src/controllers/webhook.controller.ts(216,18): error TS2353: Object literal may only specify known properties, and 'paymen' does not exist in type 'paymentsWhereUniqueInput'.
src/controllers/webhook.controller.ts(221,15): error TS2561: Object literal may only specify known properties, but 'tour' does not exist in type 'bookingsInclude<DefaultArgs>'. Did you mean to write 'tours'?
src/controllers/webhook.controller.ts(246,19): error TS2551: Property 'booking' does not exist on type '{ method: string; status: string; id: string; userId: string; amount: Decimal; createdAt: Date; updatedAt: Date; paymentId: string; bookingId: string; orderId: string; currency: string; gatewayResponse: string; failureReason: string; }'. Did you mean 'bookingId'?
src/controllers/webhook.controller.ts(257,19): error TS2551: Property 'useId' does not exist on type '{ method: string; status: string; id: string; userId: string; amount: Decimal; createdAt: Date; updatedAt: Date; paymentId: string; bookingId: string; orderId: string; currency: string; gatewayResponse: string; failureReason: string; }'. Did you mean 'userId'?
src/controllers/webhook.controller.ts(258,19): error TS2551: Property 'useId' does not exist on type '{ method: string; status: string; id: string; userId: string; amount: Decimal; createdAt: Date; updatedAt: Date; paymentId: string; bookingId: string; orderId: string; currency: string; gatewayResponse: string; failureReason: string; }'. Did you mean 'userId'?
src/controllers/webhook.controller.ts(260,13): error TS2353: Object literal may only specify known properties, and 'bookin' does not exist in type '{ bookingNumber: string; tourTitle: string; startDate: string; endDate: string; totalPrice: number; participants: number; }'.
src/controllers/webhook.controller.ts(260,29): error TS2551: Property 'useId' does not exist on type '{ method: string; status: string; id: string; userId: string; amount: Decimal; createdAt: Date; updatedAt: Date; paymentId: string; bookingId: string; orderId: string; currency: string; gatewayResponse: string; failureReason: string; }'. Did you mean 'userId'?
src/controllers/webhook.controller.ts(261,32): error TS2551: Property 'useId' does not exist on type '{ method: string; status: string; id: string; userId: string; amount: Decimal; createdAt: Date; updatedAt: Date; paymentId: string; bookingId: string; orderId: string; currency: string; gatewayResponse: string; failureReason: string; }'. Did you mean 'userId'?
src/controllers/webhook.controller.ts(262,32): error TS2551: Property 'useId' does not exist on type '{ method: string; status: string; id: string; userId: string; amount: Decimal; createdAt: Date; updatedAt: Date; paymentId: string; bookingId: string; orderId: string; currency: string; gatewayResponse: string; failureReason: string; }'. Did you mean 'userId'?
src/controllers/webhook.controller.ts(263,30): error TS2551: Property 'useId' does not exist on type '{ method: string; status: string; id: string; userId: string; amount: Decimal; createdAt: Date; updatedAt: Date; paymentId: string; bookingId: string; orderId: string; currency: string; gatewayResponse: string; failureReason: string; }'. Did you mean 'userId'?
src/controllers/webhook.controller.ts(264,40): error TS2551: Property 'useId' does not exist on type '{ method: string; status: string; id: string; userId: string; amount: Decimal; createdAt: Date; updatedAt: Date; paymentId: string; bookingId: string; orderId: string; currency: string; gatewayResponse: string; failureReason: string; }'. Did you mean 'userId'?
src/controllers/webhook.controller.ts(265,35): error TS2551: Property 'useId' does not exist on type '{ method: string; status: string; id: string; userId: string; amount: Decimal; createdAt: Date; updatedAt: Date; paymentId: string; bookingId: string; orderId: string; currency: string; gatewayResponse: string; failureReason: string; }'. Did you mean 'userId'?
src/controllers/webhook.controller.ts(265,58): error TS2551: Property 'useId' does not exist on type '{ method: string; status: string; id: string; userId: string; amount: Decimal; createdAt: Date; updatedAt: Date; paymentId: string; bookingId: string; orderId: string; currency: string; gatewayResponse: string; failureReason: string; }'. Did you mean 'userId'?
src/controllers/webhook.controller.ts(271,19): error TS2339: Property 'use' does not exist on type '{ method: string; status: string; id: string; userId: string; amount: Decimal; createdAt: Date; updatedAt: Date; paymentId: string; bookingId: string; orderId: string; currency: string; gatewayResponse: string; failureReason: string; }'.
src/controllers/webhook.controller.ts(272,19): error TS2339: Property 'use' does not exist on type '{ method: string; status: string; id: string; userId: string; amount: Decimal; createdAt: Date; updatedAt: Date; paymentId: string; bookingId: string; orderId: string; currency: string; gatewayResponse: string; failureReason: string; }'.
src/controllers/webhook.controller.ts(277,13): error TS2353: Object literal may only specify known properties, and 'bookin' does not exist in type '{ amount: number; currency: string; paymentMethod: string; bookingNumber: string; tourTitle: string; }'.
src/controllers/webhook.controller.ts(277,29): error TS2551: Property 'useId' does not exist on type '{ method: string; status: string; id: string; userId: string; amount: Decimal; createdAt: Date; updatedAt: Date; paymentId: string; bookingId: string; orderId: string; currency: string; gatewayResponse: string; failureReason: string; }'. Did you mean 'userId'?
src/controllers/webhook.controller.ts(278,32): error TS2551: Property 'useId' does not exist on type '{ method: string; status: string; id: string; userId: string; amount: Decimal; createdAt: Date; updatedAt: Date; paymentId: string; bookingId: string; orderId: string; currency: string; gatewayResponse: string; failureReason: string; }'. Did you mean 'userId'?
src/controllers/webhook.controller.ts(285,25): error TS2551: Property 'useId' does not exist on type '{ method: string; status: string; id: string; userId: string; amount: Decimal; createdAt: Date; updatedAt: Date; paymentId: string; bookingId: string; orderId: string; currency: string; gatewayResponse: string; failureReason: string; }'. Did you mean 'userId'?
src/controllers/webhook.controller.ts(294,96): error TS2304: Cannot find name 'v'.
src/controllers/webhook.controller.ts(298,18): error TS2353: Object literal may only specify known properties, and 'paymen' does not exist in type 'paymentsWhereUniqueInput'.
src/controllers/webhook.controller.ts(303,15): error TS2561: Object literal may only specify known properties, but 'tour' does not exist in type 'bookingsInclude<DefaultArgs>'. Did you mean to write 'tours'?
src/controllers/webhook.controller.ts(319,18): error TS2322: Type '{ method: string; status: string; id: string; userId: string; amount: Decimal; createdAt: Date; updatedAt: Date; paymentId: string; bookingId: string; orderId: string; currency: string; gatewayResponse: string; failureReason: string; }' is not assignable to type 'string'.
src/controllers/webhook.controller.ts(329,19): error TS2551: Property 'booking' does not exist on type '{ method: string; status: string; id: string; userId: string; amount: Decimal; createdAt: Date; updatedAt: Date; paymentId: string; bookingId: string; orderId: string; currency: string; gatewayResponse: string; failureReason: string; }'. Did you mean 'bookingId'?
src/controllers/webhook.controller.ts(340,23): error TS2339: Property 'use' does not exist on type '{ method: string; status: string; id: string; userId: string; amount: Decimal; createdAt: Date; updatedAt: Date; paymentId: string; bookingId: string; orderId: string; currency: string; gatewayResponse: string; failureReason: string; }'.
src/controllers/webhook.controller.ts(344,32): error TS2339: Property 'use' does not exist on type '{ method: string; status: string; id: string; userId: string; amount: Decimal; createdAt: Date; updatedAt: Date; paymentId: string; bookingId: string; orderId: string; currency: string; gatewayResponse: string; failureReason: string; }'.
src/controllers/webhook.controller.ts(345,66): error TS2551: Property 'useId' does not exist on type '{ method: string; status: string; id: string; userId: string; amount: Decimal; createdAt: Date; updatedAt: Date; paymentId: string; bookingId: string; orderId: string; currency: string; gatewayResponse: string; failureReason: string; }'. Did you mean 'userId'?
src/controllers/webhook.controller.ts(350,55): error TS2551: Property 'useId' does not exist on type '{ method: string; status: string; id: string; userId: string; amount: Decimal; createdAt: Date; updatedAt: Date; paymentId: string; bookingId: string; orderId: string; currency: string; gatewayResponse: string; failureReason: string; }'. Did you mean 'userId'?
src/controllers/webhook.controller.ts(356,25): error TS2551: Property 'useId' does not exist on type '{ method: string; status: string; id: string; userId: string; amount: Decimal; createdAt: Date; updatedAt: Date; paymentId: string; bookingId: string; orderId: string; currency: string; gatewayResponse: string; failureReason: string; }'. Did you mean 'userId'?
src/controllers/webhook.controller.ts(365,98): error TS2304: Cannot find name 'v'.
src/controllers/webhook.controller.ts(369,18): error TS2353: Object literal may only specify known properties, and 'paymen' does not exist in type 'paymentsWhereUniqueInput'.
src/controllers/webhook.controller.ts(374,15): error TS2561: Object literal may only specify known properties, but 'tour' does not exist in type 'bookingsInclude<DefaultArgs>'. Did you mean to write 'tours'?
src/controllers/webhook.controller.ts(386,18): error TS2322: Type '{ method: string; status: string; id: string; userId: string; amount: Decimal; createdAt: Date; updatedAt: Date; paymentId: string; bookingId: string; orderId: string; currency: string; gatewayResponse: string; failureReason: string; }' is not assignable to type 'string'.
src/controllers/webhook.controller.ts(396,19): error TS2551: Property 'booking' does not exist on type '{ method: string; status: string; id: string; userId: string; amount: Decimal; createdAt: Date; updatedAt: Date; paymentId: string; bookingId: string; orderId: string; currency: string; gatewayResponse: string; failureReason: string; }'. Did you mean 'bookingId'?
src/controllers/webhook.controller.ts(408,25): error TS2551: Property 'useId' does not exist on type '{ method: string; status: string; id: string; userId: string; amount: Decimal; createdAt: Date; updatedAt: Date; paymentId: string; bookingId: string; orderId: string; currency: string; gatewayResponse: string; failureReason: string; }'. Did you mean 'userId'?
src/controllers/webhook.controller.ts(416,78): error TS2304: Cannot find name 'v'.
src/controllers/webhook.controller.ts(423,13): error TS2322: Type 'string | Charge' is not assignable to type 'string | FieldRef<"payments", "String">'.
  Type 'Charge' is not assignable to type 'string | FieldRef<"payments", "String">'.
src/controllers/webhook.controller.ts(430,15): error TS2561: Object literal may only specify known properties, but 'tour' does not exist in type 'bookingsInclude<DefaultArgs>'. Did you mean to write 'tours'?
src/controllers/webhook.controller.ts(448,67): error TS2551: Property 'booking' does not exist on type '{ method: string; status: string; id: string; userId: string; amount: Decimal; createdAt: Date; updatedAt: Date; paymentId: string; bookingId: string; orderId: string; currency: string; gatewayResponse: string; failureReason: string; }'. Did you mean 'bookingId'?
src/controllers/webhook.controller.ts(456,27): error TS2551: Property 'useId' does not exist on type '{ method: string; status: string; id: string; userId: string; amount: Decimal; createdAt: Date; updatedAt: Date; paymentId: string; bookingId: string; orderId: string; currency: string; gatewayResponse: string; failureReason: string; }'. Did you mean 'userId'?
src/controllers/webhook.controller.ts(457,34): error TS2339: Property 'use' does not exist on type '{ method: string; status: string; id: string; userId: string; amount: Decimal; createdAt: Date; updatedAt: Date; paymentId: string; bookingId: string; orderId: string; currency: string; gatewayResponse: string; failureReason: string; }'.
src/controllers/webhook.controller.ts(473,78): error TS2304: Cannot find name 'v'.
src/controllers/webhook.controller.ts(481,88): error TS2304: Cannot find name 'v'.
src/controllers/webhook.controller.ts(485,23): error TS2339: Property 'amount_p' does not exist on type 'Invoice'.
src/controllers/webhook.controller.ts(489,85): error TS2304: Cannot find name 'v'.
src/controllers/webhook.controller.ts(497,79): error TS2304: Cannot find name 'v'.
src/controllers/webhook.controller.ts(508,69): error TS2304: Cannot find name 'v'.
src/controllers/webhook.controller.ts(514,13): error TS2353: Object literal may only specify known properties, and 'path' does not exist in type 'StringNullableFilter<"payments">'.
src/controllers/webhook.controller.ts(522,15): error TS2561: Object literal may only specify known properties, but 'tour' does not exist in type 'bookingsInclude<DefaultArgs>'. Did you mean to write 'tours'?
src/controllers/webhook.controller.ts(538,18): error TS2322: Type '{ method: string; status: string; id: string; userId: string; amount: Decimal; createdAt: Date; updatedAt: Date; paymentId: string; bookingId: string; orderId: string; currency: string; gatewayResponse: string; failureReason: string; }' is not assignable to type 'string'.
src/controllers/webhook.controller.ts(547,19): error TS2551: Property 'booking' does not exist on type '{ method: string; status: string; id: string; userId: string; amount: Decimal; createdAt: Date; updatedAt: Date; paymentId: string; bookingId: string; orderId: string; currency: string; gatewayResponse: string; failureReason: string; }'. Did you mean 'bookingId'?
src/controllers/webhook.controller.ts(558,19): error TS2551: Property 'useId' does not exist on type '{ method: string; status: string; id: string; userId: string; amount: Decimal; createdAt: Date; updatedAt: Date; paymentId: string; bookingId: string; orderId: string; currency: string; gatewayResponse: string; failureReason: string; }'. Did you mean 'userId'?
src/controllers/webhook.controller.ts(559,19): error TS2551: Property 'useId' does not exist on type '{ method: string; status: string; id: string; userId: string; amount: Decimal; createdAt: Date; updatedAt: Date; paymentId: string; bookingId: string; orderId: string; currency: string; gatewayResponse: string; failureReason: string; }'. Did you mean 'userId'?
src/controllers/webhook.controller.ts(561,13): error TS2353: Object literal may only specify known properties, and 'bookin' does not exist in type '{ bookingNumber: string; tourTitle: string; startDate: string; endDate: string; totalPrice: number; participants: number; }'.
src/controllers/webhook.controller.ts(561,29): error TS2551: Property 'useId' does not exist on type '{ method: string; status: string; id: string; userId: string; amount: Decimal; createdAt: Date; updatedAt: Date; paymentId: string; bookingId: string; orderId: string; currency: string; gatewayResponse: string; failureReason: string; }'. Did you mean 'userId'?
src/controllers/webhook.controller.ts(562,32): error TS2551: Property 'useId' does not exist on type '{ method: string; status: string; id: string; userId: string; amount: Decimal; createdAt: Date; updatedAt: Date; paymentId: string; bookingId: string; orderId: string; currency: string; gatewayResponse: string; failureReason: string; }'. Did you mean 'userId'?
src/controllers/webhook.controller.ts(563,32): error TS2551: Property 'useId' does not exist on type '{ method: string; status: string; id: string; userId: string; amount: Decimal; createdAt: Date; updatedAt: Date; paymentId: string; bookingId: string; orderId: string; currency: string; gatewayResponse: string; failureReason: string; }'. Did you mean 'userId'?
src/controllers/webhook.controller.ts(564,30): error TS2551: Property 'useId' does not exist on type '{ method: string; status: string; id: string; userId: string; amount: Decimal; createdAt: Date; updatedAt: Date; paymentId: string; bookingId: string; orderId: string; currency: string; gatewayResponse: string; failureReason: string; }'. Did you mean 'userId'?
src/controllers/webhook.controller.ts(565,40): error TS2551: Property 'useId' does not exist on type '{ method: string; status: string; id: string; userId: string; amount: Decimal; createdAt: Date; updatedAt: Date; paymentId: string; bookingId: string; orderId: string; currency: string; gatewayResponse: string; failureReason: string; }'. Did you mean 'userId'?
src/controllers/webhook.controller.ts(566,35): error TS2551: Property 'useId' does not exist on type '{ method: string; status: string; id: string; userId: string; amount: Decimal; createdAt: Date; updatedAt: Date; paymentId: string; bookingId: string; orderId: string; currency: string; gatewayResponse: string; failureReason: string; }'. Did you mean 'userId'?
src/controllers/webhook.controller.ts(566,58): error TS2551: Property 'useId' does not exist on type '{ method: string; status: string; id: string; userId: string; amount: Decimal; createdAt: Date; updatedAt: Date; paymentId: string; bookingId: string; orderId: string; currency: string; gatewayResponse: string; failureReason: string; }'. Did you mean 'userId'?
src/controllers/webhook.controller.ts(582,68): error TS2304: Cannot find name 'v'.
src/controllers/webhook.controller.ts(588,13): error TS2353: Object literal may only specify known properties, and 'path' does not exist in type 'StringNullableFilter<"payments">'.
src/controllers/webhook.controller.ts(596,15): error TS2561: Object literal may only specify known properties, but 'tour' does not exist in type 'bookingsInclude<DefaultArgs>'. Did you mean to write 'tours'?
src/controllers/webhook.controller.ts(612,18): error TS2322: Type '{ method: string; status: string; id: string; userId: string; amount: Decimal; createdAt: Date; updatedAt: Date; paymentId: string; bookingId: string; orderId: string; currency: string; gatewayResponse: string; failureReason: string; }' is not assignable to type 'string'.
src/controllers/webhook.controller.ts(622,19): error TS2551: Property 'booking' does not exist on type '{ method: string; status: string; id: string; userId: string; amount: Decimal; createdAt: Date; updatedAt: Date; paymentId: string; bookingId: string; orderId: string; currency: string; gatewayResponse: string; failureReason: string; }'. Did you mean 'bookingId'?
src/controllers/webhook.controller.ts(633,23): error TS2339: Property 'use' does not exist on type '{ method: string; status: string; id: string; userId: string; amount: Decimal; createdAt: Date; updatedAt: Date; paymentId: string; bookingId: string; orderId: string; currency: string; gatewayResponse: string; failureReason: string; }'.
src/controllers/webhook.controller.ts(637,32): error TS2339: Property 'use' does not exist on type '{ method: string; status: string; id: string; userId: string; amount: Decimal; createdAt: Date; updatedAt: Date; paymentId: string; bookingId: string; orderId: string; currency: string; gatewayResponse: string; failureReason: string; }'.
src/controllers/webhook.controller.ts(638,66): error TS2551: Property 'useId' does not exist on type '{ method: string; status: string; id: string; userId: string; amount: Decimal; createdAt: Date; updatedAt: Date; paymentId: string; bookingId: string; orderId: string; currency: string; gatewayResponse: string; failureReason: string; }'. Did you mean 'userId'?
src/controllers/webhook.controller.ts(643,55): error TS2551: Property 'useId' does not exist on type '{ method: string; status: string; id: string; userId: string; amount: Decimal; createdAt: Date; updatedAt: Date; paymentId: string; bookingId: string; orderId: string; currency: string; gatewayResponse: string; failureReason: string; }'. Did you mean 'userId'?
src/controllers/webhook.controller.ts(658,71): error TS2304: Cannot find name 'v'.
src/controllers/webhook.controller.ts(666,70): error TS2304: Cannot find name 'v'.
src/controllers/webhook.controller.ts(677,66): error TS2304: Cannot find name 'v'.
src/middlewares/cache.middleware.ts(21,26): error TS2339: Property 'get' does not exist on type '(options?: CacheOptions) => (req: Request<ParamsDictionary, any, any, ParsedQs, Record<string, any>>, res: Response<any, Record<...>>, next: NextFunction) => void'.
src/middlewares/cache.middleware.ts(34,15): error TS2339: Property 'set' does not exist on type '(options?: CacheOptions) => (req: Request<ParamsDictionary, any, any, ParsedQs, Record<string, any>>, res: Response<any, Record<...>>, next: NextFunction) => void'.
src/middlewares/cache.middleware.ts(86,31): error TS2488: Type '(options?: CacheOptions) => (req: Request<ParamsDictionary, any, any, ParsedQs, Record<string, any>>, res: Response<any, Record<...>>, next: NextFunction) => void' must have a '[Symbol.iterator]()' method that returns an iterator.
src/middlewares/cache.middleware.ts(88,21): error TS2339: Property 'delete' does not exist on type '(options?: CacheOptions) => (req: Request<ParamsDictionary, any, any, ParsedQs, Record<string, any>>, res: Response<any, Record<...>>, next: NextFunction) => void'.
src/middlewares/logging.middleware.ts(3,10): error TS2459: Module '"./auth.middleware"' declares 'AuthRequest' locally, but it is not exported.
src/middlewares/logging.middleware.ts(15,7): error TS2339: Property 'http' does not exist on type '{ info: (message: string, meta?: any) => void; error: (message: string, error?: any, meta?: any) => void; warn: (message: string, meta?: any) => void; debug: (message: string, meta?: any) => void; auth: (message: string, userId?: string, meta?: any) => void; security: (message: string, userId?: string, userAgent?: s...'.
src/middlewares/logging.middleware.ts(25,3): error TS2322: Type '(chunk?: any, encoding?: any) => void' is not assignable to type '{ (cb?: () => void): Response<any, Record<string, any>>; (chunk: any, cb?: () => void): Response<any, Record<string, any>>; (chunk: any, encoding: BufferEncoding, cb?: () => void): Response<...>; }'.
  Type 'void' is not assignable to type 'Response<any, Record<string, any>>'.
src/middlewares/logging.middleware.ts(30,9): error TS2339: Property 'api' does not exist on type '{ info: (message: string, meta?: any) => void; error: (message: string, error?: any, meta?: any) => void; warn: (message: string, meta?: any) => void; debug: (message: string, meta?: any) => void; auth: (message: string, userId?: string, meta?: any) => void; security: (message: string, userId?: string, userAgent?: s...'.
src/middlewares/logging.middleware.ts(34,11): error TS2339: Property 'performance' does not exist on type '{ info: (message: string, meta?: any) => void; error: (message: string, error?: any, meta?: any) => void; warn: (message: string, meta?: any) => void; debug: (message: string, meta?: any) => void; auth: (message: string, userId?: string, meta?: any) => void; security: (message: string, userId?: string, userAgent?: s...'.
src/middlewares/performance.middleware.ts(3,10): error TS2459: Module '"./auth.middleware"' declares 'AuthRequest' locally, but it is not exported.
src/middlewares/performance.middleware.ts(4,8): error TS2613: Module '"C:/Users/fikre/EthioAI/server/src/utils/logger"' has no default export. Did you mean to use 'import { logger } from "C:/Users/fikre/EthioAI/server/src/utils/logger"' instead?
src/middlewares/security.middleware.ts(43,16): error TS2339: Property 'user' does not exist on type 'Request<ParamsDictionary, any, any, ParsedQs, Record<string, any>>'.
src/middlewares/security.middleware.ts(67,7): error TS2339: Property 'sanitizedBody' does not exist on type 'Request<ParamsDictionary, any, any, ParsedQs, Record<string, any>>'.
src/middlewares/security.middleware.ts(68,16): error TS2339: Property 'sanitizedBody' does not exist on type 'Request<ParamsDictionary, any, any, ParsedQs, Record<string, any>>'.
src/middlewares/security.middleware.ts(89,19): error TS2339: Property 'user' does not exist on type 'Request<ParamsDictionary, any, any, ParsedQs, Record<string, any>>'.
src/modules/auth/auth.controller.ts(51,9): error TS2353: Object literal may only specify known properties, and 'password' does not exist in type '(Without<usersCreateInput, usersUncheckedCreateInput> & usersUncheckedCreateInput) | (Without<...> & usersCreateInput)'.
src/modules/auth/auth.controller.ts(67,18): error TS2551: Property 'refreshToken' does not exist on type 'PrismaClient<PrismaClientOptions, never, DefaultArgs>'. Did you mean 'refresh_tokens'?
src/modules/auth/auth.controller.ts(107,65): error TS2339: Property 'password' does not exist on type '{ name: string; email: string; passwordHash: string; phone: string; role: string; bio: string; location: string; dateOfBirth: Date; id: string; createdAt: Date; updatedAt: Date; isEmailVerified: boolean; avatar: string; }'.
src/modules/auth/auth.controller.ts(117,18): error TS2551: Property 'refreshToken' does not exist on type 'PrismaClient<PrismaClientOptions, never, DefaultArgs>'. Did you mean 'refresh_tokens'?
src/modules/auth/auth.controller.ts(134,13): error TS2339: Property 'password' does not exist on type '{ name: string; email: string; passwordHash: string; phone: string; role: string; bio: string; location: string; dateOfBirth: Date; id: string; createdAt: Date; updatedAt: Date; isEmailVerified: boolean; avatar: string; }'.
src/modules/auth/auth.controller.ts(170,9): error TS2353: Object literal may only specify known properties, and 'resetToken' does not exist in type '(Without<usersUpdateInput, usersUncheckedUpdateInput> & usersUncheckedUpdateInput) | (Without<...> & usersUpdateInput)'.
src/modules/auth/auth.controller.ts(226,36): error TS2551: Property 'refreshToken' does not exist on type 'PrismaClient<PrismaClientOptions, never, DefaultArgs>'. Did you mean 'refresh_tokens'?
src/modules/auth/auth.controller.ts(263,20): error TS2551: Property 'refreshToken' does not exist on type 'PrismaClient<PrismaClientOptions, never, DefaultArgs>'. Did you mean 'refresh_tokens'?
src/modules/auth/auth.schema.ts(2,10): error TS2305: Module '"@prisma/client"' has no exported member 'UserRole'.
src/modules/booking/booking.controller.ts(5,30): error TS2307: Cannot find module '../auth/guards/jwt-auth.guard' or its corresponding type declarations.
src/modules/booking/booking.controller.ts(6,25): error TS2307: Cannot find module '../auth/decorators/get-user.decorator' or its corresponding type declarations.
src/modules/booking/booking.controller.ts(7,22): error TS2307: Cannot find module '../user/entities/user.entity' or its corresponding type declarations.
src/modules/booking/booking.controller.ts(13,3): error TS1241: Unable to resolve signature of method decorator when called as an expression.
  The runtime will invoke the decorator with 2 arguments, but the decorator expects 3.
src/modules/booking/booking.controller.ts(13,4): error TS1270: Decorator function return type 'void | TypedPropertyDescriptor<unknown>' is not assignable to type 'void | ((tourId: string, date: string) => Promise<{ available: boolean; spotsLeft: number; totalCapacity: any; isFullyBooked: boolean; waitlistAvailable: boolean; }>)'.
  Type 'TypedPropertyDescriptor<unknown>' is not assignable to type 'void | ((tourId: string, date: string) => Promise<{ available: boolean; spotsLeft: number; totalCapacity: any; isFullyBooked: boolean; waitlistAvailable: boolean; }>)'.
src/modules/booking/booking.controller.ts(15,5): error TS1206: Decorators are not valid here.
src/modules/booking/booking.controller.ts(16,5): error TS1206: Decorators are not valid here.
src/modules/booking/booking.controller.ts(21,3): error TS1241: Unable to resolve signature of method decorator when called as an expression.
  The runtime will invoke the decorator with 2 arguments, but the decorator expects 3.
src/modules/booking/booking.controller.ts(21,4): error TS1270: Decorator function return type 'void | TypedPropertyDescriptor<unknown>' is not assignable to type 'void | ((createBookingDto: CreateBookingDto, user: User) => Promise<any>)'.
  Type 'TypedPropertyDescriptor<unknown>' is not assignable to type 'void | ((createBookingDto: CreateBookingDto, user: User) => Promise<any>)'.
src/modules/booking/booking.controller.ts(24,5): error TS1206: Decorators are not valid here.
src/modules/booking/booking.controller.ts(25,5): error TS1206: Decorators are not valid here.
src/modules/booking/booking.controller.ts(30,3): error TS1241: Unable to resolve signature of method decorator when called as an expression.
  The runtime will invoke the decorator with 2 arguments, but the decorator expects 3.
src/modules/booking/booking.controller.ts(30,4): error TS1270: Decorator function return type 'void | TypedPropertyDescriptor<unknown>' is not assignable to type 'void | ((user: User, status?: string) => Promise<any>)'.
  Type 'TypedPropertyDescriptor<unknown>' is not assignable to type 'void | ((user: User, status?: string) => Promise<any>)'.
src/modules/booking/booking.controller.ts(33,5): error TS1206: Decorators are not valid here.
src/modules/booking/booking.controller.ts(34,5): error TS1206: Decorators are not valid here.
src/modules/booking/booking.service.ts(2,31): error TS2307: Cannot find module '../../prisma/prisma.service' or its corresponding type declarations.
src/modules/booking/dto/create-booking.dto.ts(4,4): error TS1240: Unable to resolve signature of property decorator when called as an expression.
  Argument of type 'ClassFieldDecoratorContext<ParticipantDto, string> & { name: "name"; private: false; static: false; }' is not assignable to parameter of type 'string | symbol'.
src/modules/booking/dto/create-booking.dto.ts(5,4): error TS1240: Unable to resolve signature of property decorator when called as an expression.
  Argument of type 'ClassFieldDecoratorContext<ParticipantDto, string> & { name: "name"; private: false; static: false; }' is not assignable to parameter of type 'string | symbol'.
src/modules/booking/dto/create-booking.dto.ts(8,4): error TS1240: Unable to resolve signature of property decorator when called as an expression.
  Argument of type 'ClassFieldDecoratorContext<ParticipantDto, string> & { name: "dietaryRestrictions"; private: false; static: false; }' is not assignable to parameter of type 'string | symbol'.
src/modules/booking/dto/create-booking.dto.ts(9,4): error TS1240: Unable to resolve signature of property decorator when called as an expression.
  Argument of type 'ClassFieldDecoratorContext<ParticipantDto, string> & { name: "dietaryRestrictions"; private: false; static: false; }' is not assignable to parameter of type 'string | symbol'.
src/modules/booking/dto/create-booking.dto.ts(14,4): error TS1240: Unable to resolve signature of property decorator when called as an expression.
  Argument of type 'ClassFieldDecoratorContext<CreateBookingDto, string> & { name: "tourId"; private: false; static: false; }' is not assignable to parameter of type 'string | symbol'.
src/modules/booking/dto/create-booking.dto.ts(15,4): error TS1240: Unable to resolve signature of property decorator when called as an expression.
  Argument of type 'ClassFieldDecoratorContext<CreateBookingDto, string> & { name: "tourId"; private: false; static: false; }' is not assignable to parameter of type 'string | symbol'.
src/modules/booking/dto/create-booking.dto.ts(18,4): error TS1240: Unable to resolve signature of property decorator when called as an expression.
  Argument of type 'ClassFieldDecoratorContext<CreateBookingDto, string> & { name: "date"; private: false; static: false; }' is not assignable to parameter of type 'string | symbol'.
src/modules/booking/dto/create-booking.dto.ts(19,4): error TS1240: Unable to resolve signature of property decorator when called as an expression.
  Argument of type 'ClassFieldDecoratorContext<CreateBookingDto, string> & { name: "date"; private: false; static: false; }' is not assignable to parameter of type 'string | symbol'.
src/modules/booking/dto/create-booking.dto.ts(22,4): error TS1240: Unable to resolve signature of property decorator when called as an expression.
  Argument of type 'ClassFieldDecoratorContext<CreateBookingDto, number> & { name: "adults"; private: false; static: false; }' is not assignable to parameter of type 'string | symbol'.
src/modules/booking/dto/create-booking.dto.ts(23,4): error TS1240: Unable to resolve signature of property decorator when called as an expression.
  Argument of type 'ClassFieldDecoratorContext<CreateBookingDto, number> & { name: "adults"; private: false; static: false; }' is not assignable to parameter of type 'string | symbol'.
src/modules/booking/dto/create-booking.dto.ts(26,4): error TS1240: Unable to resolve signature of property decorator when called as an expression.
  Argument of type 'ClassFieldDecoratorContext<CreateBookingDto, number> & { name: "children"; private: false; static: false; }' is not assignable to parameter of type 'string | symbol'.
src/modules/booking/dto/create-booking.dto.ts(27,4): error TS1240: Unable to resolve signature of property decorator when called as an expression.
  Argument of type 'ClassFieldDecoratorContext<CreateBookingDto, number> & { name: "children"; private: false; static: false; }' is not assignable to parameter of type 'string | symbol'.
src/modules/booking/dto/create-booking.dto.ts(30,4): error TS1240: Unable to resolve signature of property decorator when called as an expression.
  Argument of type 'ClassFieldDecoratorContext<CreateBookingDto, string[]> & { name: "addOns"; private: false; static: false; }' is not assignable to parameter of type 'string | symbol'.
src/modules/booking/dto/create-booking.dto.ts(31,4): error TS1240: Unable to resolve signature of property decorator when called as an expression.
  Argument of type 'ClassFieldDecoratorContext<CreateBookingDto, string[]> & { name: "addOns"; private: false; static: false; }' is not assignable to parameter of type 'string | symbol'.
src/modules/booking/dto/create-booking.dto.ts(34,4): error TS1240: Unable to resolve signature of property decorator when called as an expression.
  Argument of type 'ClassFieldDecoratorContext<CreateBookingDto, string> & { name: "specialRequests"; private: false; static: false; }' is not assignable to parameter of type 'string | symbol'.
src/modules/booking/dto/create-booking.dto.ts(35,4): error TS1240: Unable to resolve signature of property decorator when called as an expression.
  Argument of type 'ClassFieldDecoratorContext<CreateBookingDto, string> & { name: "specialRequests"; private: false; static: false; }' is not assignable to parameter of type 'string | symbol'.
src/modules/booking/dto/create-booking.dto.ts(38,4): error TS1240: Unable to resolve signature of property decorator when called as an expression.
  Argument of type 'ClassFieldDecoratorContext<CreateBookingDto, string> & { name: "contactName"; private: false; static: false; }' is not assignable to parameter of type 'string | symbol'.
src/modules/booking/dto/create-booking.dto.ts(39,4): error TS1240: Unable to resolve signature of property decorator when called as an expression.
  Argument of type 'ClassFieldDecoratorContext<CreateBookingDto, string> & { name: "contactName"; private: false; static: false; }' is not assignable to parameter of type 'string | symbol'.
src/modules/booking/dto/create-booking.dto.ts(42,4): error TS1240: Unable to resolve signature of property decorator when called as an expression.
  Argument of type 'ClassFieldDecoratorContext<CreateBookingDto, string> & { name: "contactEmail"; private: false; static: false; }' is not assignable to parameter of type 'string | symbol'.
src/modules/booking/dto/create-booking.dto.ts(43,4): error TS1240: Unable to resolve signature of property decorator when called as an expression.
  Argument of type 'ClassFieldDecoratorContext<CreateBookingDto, string> & { name: "contactEmail"; private: false; static: false; }' is not assignable to parameter of type 'string | symbol'.
src/modules/booking/dto/create-booking.dto.ts(46,4): error TS1240: Unable to resolve signature of property decorator when called as an expression.
  Argument of type 'ClassFieldDecoratorContext<CreateBookingDto, string> & { name: "contactPhone"; private: false; static: false; }' is not assignable to parameter of type 'string | symbol'.
src/modules/booking/dto/create-booking.dto.ts(47,4): error TS1240: Unable to resolve signature of property decorator when called as an expression.
  Argument of type 'ClassFieldDecoratorContext<CreateBookingDto, string> & { name: "contactPhone"; private: false; static: false; }' is not assignable to parameter of type 'string | symbol'.
src/modules/booking/dto/create-booking.dto.ts(50,4): error TS1240: Unable to resolve signature of property decorator when called as an expression.
  Argument of type 'ClassFieldDecoratorContext<CreateBookingDto, ParticipantDto[]> & { name: "participants"; private: false; static: false; }' is not assignable to parameter of type 'string | symbol'.
src/modules/booking/dto/create-booking.dto.ts(51,4): error TS1240: Unable to resolve signature of property decorator when called as an expression.
  Argument of type 'ClassFieldDecoratorContext<CreateBookingDto, ParticipantDto[]> & { name: "participants"; private: false; static: false; }' is not assignable to parameter of type 'string | symbol'.
src/modules/booking/entities/booking.entity.ts(2,22): error TS2307: Cannot find module '../../tour/entities/tour.entity' or its corresponding type declarations.
src/modules/booking/entities/booking.entity.ts(3,22): error TS2307: Cannot find module '../../user/entities/user.entity' or its corresponding type declarations.
src/modules/users/user.model.ts(1,18): error TS2724: '"@prisma/client"' has no exported member named 'User'. Did you mean 'users'?
src/modules/users/user.model.ts(1,38): error TS2305: Module '"@prisma/client"' has no exported member 'UserRole'.
src/modules/users/user.model.ts(22,38): error TS2724: '"C:/Users/fikre/EthioAI/server/node_modules/.prisma/client/index".Prisma' has no exported member named 'UserCreateInput'. Did you mean 'usersCreateInput'?
src/modules/users/user.model.ts(24,38): error TS2724: '"C:/Users/fikre/EthioAI/server/node_modules/.prisma/client/index".Prisma' has no exported member named 'UserUpdateInput'. Did you mean 'usersUpdateInput'?
src/modules/users/user.service.ts(1,24): error TS2724: '"@prisma/client"' has no exported member named 'User'. Did you mean 'users'?
src/modules/users/user.service.ts(1,30): error TS2305: Module '"@prisma/client"' has no exported member 'UserRole'.
src/modules/users/user.service.ts(47,7): error TS2322: Type '{ passwordHash: string; name?: string; email: string; role?: UserRole; }' is not assignable to type '(Without<usersCreateInput, usersUncheckedCreateInput> & usersUncheckedCreateInput) | (Without<...> & usersCreateInput)'.
  Type '{ passwordHash: string; name?: string; email: string; role?: UserRole; }' is not assignable to type 'Without<usersUncheckedCreateInput, usersCreateInput> & usersCreateInput'.
    Type '{ passwordHash: string; name?: string; email: string; role?: UserRole; }' is missing the following properties from type 'usersCreateInput': id, updatedAt
src/modules/users/user.service.ts(59,9): error TS2561: Object literal may only specify known properties, but 'refreshTokens' does not exist in type 'usersInclude<DefaultArgs>'. Did you mean to write 'refresh_tokens'?
src/routes/ai.routes.ts(158,78): error TS2304: Cannot find name 'text'.
src/routes/ai.routes.ts(158,88): error TS2304: Cannot find name 'analysisType'.
src/routes/ai.routes.ts(159,11): error TS18004: No value exists in scope for the shorthand property 'analysisType'. Either declare one or provide an initializer.
src/routes/reviews.routes.ts(2,38): error TS2459: Module '"../middlewares/auth.middleware"' declares 'AuthRequest' locally, but it is not exported.
src/routes/reviews.routes.ts(26,12): error TS2551: Property 'review' does not exist on type 'PrismaClient<{ log: ("info" | "error" | "query" | "warn")[]; }, never, DefaultArgs>'. Did you mean 'reviews'?
src/routes/reviews.routes.ts(50,12): error TS2551: Property 'review' does not exist on type 'PrismaClient<{ log: ("info" | "error" | "query" | "warn")[]; }, never, DefaultArgs>'. Did you mean 'reviews'?
src/routes/reviews.routes.ts(79,12): error TS2551: Property 'review' does not exist on type 'PrismaClient<{ log: ("info" | "error" | "query" | "warn")[]; }, never, DefaultArgs>'. Did you mean 'reviews'?
src/routes/reviews.routes.ts(96,12): error TS2551: Property 'review' does not exist on type 'PrismaClient<{ log: ("info" | "error" | "query" | "warn")[]; }, never, DefaultArgs>'. Did you mean 'reviews'?
src/routes/reviews.routes.ts(97,12): error TS2551: Property 'review' does not exist on type 'PrismaClient<{ log: ("info" | "error" | "query" | "warn")[]; }, never, DefaultArgs>'. Did you mean 'reviews'?
src/routes/reviews.routes.ts(131,29): error TS2551: Property 'tour' does not exist on type 'PrismaClient<{ log: ("info" | "error" | "query" | "warn")[]; }, never, DefaultArgs>'. Did you mean 'tours'?
src/routes/reviews.routes.ts(140,39): error TS2551: Property 'review' does not exist on type 'PrismaClient<{ log: ("info" | "error" | "query" | "warn")[]; }, never, DefaultArgs>'. Did you mean 'reviews'?
src/routes/reviews.routes.ts(152,32): error TS2551: Property 'booking' does not exist on type 'PrismaClient<{ log: ("info" | "error" | "query" | "warn")[]; }, never, DefaultArgs>'. Did you mean 'bookings'?
src/routes/reviews.routes.ts(160,31): error TS2551: Property 'review' does not exist on type 'PrismaClient<{ log: ("info" | "error" | "query" | "warn")[]; }, never, DefaultArgs>'. Did you mean 'reviews'?
src/routes/reviews.routes.ts(203,39): error TS2551: Property 'review' does not exist on type 'PrismaClient<{ log: ("info" | "error" | "query" | "warn")[]; }, never, DefaultArgs>'. Did you mean 'reviews'?
src/routes/reviews.routes.ts(215,31): error TS2551: Property 'review' does not exist on type 'PrismaClient<{ log: ("info" | "error" | "query" | "warn")[]; }, never, DefaultArgs>'. Did you mean 'reviews'?
src/routes/reviews.routes.ts(254,39): error TS2551: Property 'review' does not exist on type 'PrismaClient<{ log: ("info" | "error" | "query" | "warn")[]; }, never, DefaultArgs>'. Did you mean 'reviews'?
src/routes/reviews.routes.ts(266,16): error TS2551: Property 'review' does not exist on type 'PrismaClient<{ log: ("info" | "error" | "query" | "warn")[]; }, never, DefaultArgs>'. Did you mean 'reviews'?
src/server.ts(38,24): error TS2339: Property 'limit' does not exist on type '{}'.
src/server.ts(43,19): error TS2339: Property 'country' does not exist on type '{}'.
src/server.ts(44,16): error TS2339: Property 'countrycodes' does not exist on type '{ q: any; format: string; limit: any; addressdetails: number; }'.
src/server.ts(44,39): error TS2339: Property 'country' does not exist on type '{}'.
src/server.ts(158,60): error TS2554: Expected 1-3 arguments, but got 4.
src/services/admin.service.ts(212,13): error TS2561: Object literal may only specify known properties, but 'user' does not exist in type 'bookingsInclude<DefaultArgs>'. Did you mean to write 'users'?
src/services/admin.service.ts(225,13): error TS2561: Object literal may only specify known properties, but 'user' does not exist in type 'reviewsInclude<DefaultArgs>'. Did you mean to write 'users'?
src/services/admin.service.ts(236,51): error TS2339: Property 'tour' does not exist on type '{ status: string; id: string; userId: string; bookingNumber: string; tourId: string; startDate: Date; endDate: Date; adults: number; children: number; totalPrice: Decimal; ... 6 more ...; updatedAt: Date; }'.
src/services/admin.service.ts(237,25): error TS2339: Property 'user' does not exist on type '{ status: string; id: string; userId: string; bookingNumber: string; tourId: string; startDate: Date; endDate: Date; adults: number; children: number; totalPrice: Decimal; ... 6 more ...; updatedAt: Date; }'.
src/services/admin.service.ts(260,49): error TS2339: Property 'tour' does not exist on type '{ status: string; id: string; userId: string; rating: number; tourId: string; createdAt: Date; updatedAt: Date; title: string; comment: string; images: string; isVerified: boolean; productId: string; }'.
src/services/admin.service.ts(261,24): error TS2339: Property 'user' does not exist on type '{ status: string; id: string; userId: string; rating: number; tourId: string; createdAt: Date; updatedAt: Date; title: string; comment: string; images: string; isVerified: boolean; productId: string; }'.
src/services/admin.service.ts(446,15): error TS2561: Object literal may only specify known properties, but 'tour' does not exist in type 'bookingsInclude<DefaultArgs>'. Did you mean to write 'tours'?
src/services/admin.service.ts(453,15): error TS2561: Object literal may only specify known properties, but 'tour' does not exist in type 'reviewsInclude<DefaultArgs>'. Did you mean to write 'tours'?
src/services/admin.service.ts(580,13): error TS2353: Object literal may only specify known properties, and 'guide' does not exist in type 'toursInclude<DefaultArgs>'.
src/services/admin.service.ts(620,11): error TS2353: Object literal may only specify known properties, and 'guide' does not exist in type 'toursInclude<DefaultArgs>'.
src/services/admin.service.ts(629,16): error TS2339: Property 'guide' does not exist on type '{ status: string; id: string; description: string; createdAt: Date; updatedAt: Date; title: string; images: string; slug: string; shortDescription: string; price: Decimal; ... 14 more ...; metaDescription: string; }'.
src/services/admin.service.ts(631,20): error TS2339: Property 'guide' does not exist on type '{ status: string; id: string; description: string; createdAt: Date; updatedAt: Date; title: string; images: string; slug: string; shortDescription: string; price: Decimal; ... 14 more ...; metaDescription: string; }'.
src/services/admin.service.ts(635,29): error TS2339: Property 'guide' does not exist on type '{ status: string; id: string; description: string; createdAt: Date; updatedAt: Date; title: string; images: string; slug: string; shortDescription: string; price: Decimal; ... 14 more ...; metaDescription: string; }'.
src/services/admin.service.ts(673,11): error TS2561: Object literal may only specify known properties, but 'user' does not exist in type 'bookingsInclude<DefaultArgs>'. Did you mean to write 'users'?
src/services/admin.service.ts(689,11): error TS2561: Object literal may only specify known properties, but 'user' does not exist in type 'bookingsInclude<DefaultArgs>'. Did you mean to write 'users'?
src/services/admin.service.ts(696,60): error TS2339: Property 'user' does not exist on type '{ status: string; id: string; userId: string; bookingNumber: string; tourId: string; startDate: Date; endDate: Date; adults: number; children: number; totalPrice: Decimal; ... 6 more ...; updatedAt: Date; }'.
src/services/admin.service.ts(698,30): error TS2339: Property 'tour' does not exist on type '{ status: string; id: string; userId: string; bookingNumber: string; tourId: string; startDate: Date; endDate: Date; adults: number; children: number; totalPrice: Decimal; ... 6 more ...; updatedAt: Date; }'.
src/services/admin.service.ts(700,29): error TS2339: Property 'user' does not exist on type '{ status: string; id: string; userId: string; bookingNumber: string; tourId: string; startDate: Date; endDate: Date; adults: number; children: number; totalPrice: Decimal; ... 6 more ...; updatedAt: Date; }'.
src/services/admin.service.ts(741,13): error TS2561: Object literal may only specify known properties, but 'user' does not exist in type 'bookingsInclude<DefaultArgs>'. Did you mean to write 'users'?
src/services/auth.service.ts(1,24): error TS2724: '"@prisma/client"' has no exported member named 'User'. Did you mean 'users'?
src/services/auth.service.ts(1,30): error TS2305: Module '"@prisma/client"' has no exported member 'UserRole'.
src/services/auth.service.ts(36,39): error TS2551: Property 'user' does not exist on type 'PrismaClient<PrismaClientOptions, never, DefaultArgs>'. Did you mean 'users'?
src/services/auth.service.ts(48,31): error TS2551: Property 'user' does not exist on type 'PrismaClient<PrismaClientOptions, never, DefaultArgs>'. Did you mean 'users'?
src/services/auth.service.ts(62,18): error TS2551: Property 'refreshToken' does not exist on type 'PrismaClient<PrismaClientOptions, never, DefaultArgs>'. Did you mean 'refresh_tokens'?
src/services/auth.service.ts(92,31): error TS2551: Property 'user' does not exist on type 'PrismaClient<PrismaClientOptions, never, DefaultArgs>'. Did you mean 'users'?
src/services/auth.service.ts(111,20): error TS2551: Property 'refreshToken' does not exist on type 'PrismaClient<PrismaClientOptions, never, DefaultArgs>'. Did you mean 'refresh_tokens'?
src/services/auth.service.ts(116,18): error TS2551: Property 'refreshToken' does not exist on type 'PrismaClient<PrismaClientOptions, never, DefaultArgs>'. Did you mean 'refresh_tokens'?
src/services/auth.service.ts(137,20): error TS2551: Property 'refreshToken' does not exist on type 'PrismaClient<PrismaClientOptions, never, DefaultArgs>'. Did you mean 'refresh_tokens'?
src/services/auth.service.ts(145,20): error TS2551: Property 'refreshToken' does not exist on type 'PrismaClient<PrismaClientOptions, never, DefaultArgs>'. Did you mean 'refresh_tokens'?
src/services/auth.service.ts(169,38): error TS2551: Property 'refreshToken' does not exist on type 'PrismaClient<PrismaClientOptions, never, DefaultArgs>'. Did you mean 'refresh_tokens'?
src/services/auth.service.ts(182,18): error TS2551: Property 'refreshToken' does not exist on type 'PrismaClient<PrismaClientOptions, never, DefaultArgs>'. Did you mean 'refresh_tokens'?
src/services/auth.service.ts(199,31): error TS2551: Property 'user' does not exist on type 'PrismaClient<PrismaClientOptions, never, DefaultArgs>'. Did you mean 'users'?
src/services/auth.service.ts(225,31): error TS2551: Property 'user' does not exist on type 'PrismaClient<PrismaClientOptions, never, DefaultArgs>'. Did you mean 'users'?
src/services/auth.service.ts(241,31): error TS2551: Property 'user' does not exist on type 'PrismaClient<PrismaClientOptions, never, DefaultArgs>'. Did you mean 'users'?
src/services/auth.service.ts(259,18): error TS2551: Property 'user' does not exist on type 'PrismaClient<PrismaClientOptions, never, DefaultArgs>'. Did you mean 'users'?
src/services/auth.service.ts(265,18): error TS2551: Property 'refreshToken' does not exist on type 'PrismaClient<PrismaClientOptions, never, DefaultArgs>'. Did you mean 'refresh_tokens'?
src/services/booking.service.ts(1,24): error TS2724: '"@prisma/client"' has no exported member named 'Booking'. Did you mean 'bookings'?
src/services/booking.service.ts(1,33): error TS2305: Module '"@prisma/client"' has no exported member 'BookingStatus'.
src/services/booking.service.ts(49,31): error TS2551: Property 'tour' does not exist on type 'PrismaClient<PrismaClientOptions, never, DefaultArgs>'. Did you mean 'tours'?
src/services/booking.service.ts(113,7): error TS2322: Type '{ bookingNumber: string; userId: string; tourId: string; startDate: Date; endDate: Date; adults: number; children: number; totalPrice: number; discountAmount: number; promoCode: string; participants: any; notes: string; specialRequests: string; status: string; }' is not assignable to type '(Without<bookingsCreateInput, bookingsUncheckedCreateInput> & bookingsUncheckedCreateInput) | (Without<...> & bookingsCreateInput)'.
  Type '{ bookingNumber: string; userId: string; tourId: string; startDate: Date; endDate: Date; adults: number; children: number; totalPrice: number; discountAmount: number; promoCode: string; participants: any; notes: string; specialRequests: string; status: string; }' is not assignable to type 'Without<bookingsUncheckedCreateInput, bookingsCreateInput> & bookingsCreateInput'.
    Type '{ bookingNumber: string; userId: string; tourId: string; startDate: Date; endDate: Date; adults: number; children: number; totalPrice: number; discountAmount: number; promoCode: string; participants: any; notes: string; specialRequests: string; status: string; }' is not assignable to type 'Without<bookingsUncheckedCreateInput, bookingsCreateInput>'.
      Types of property 'userId' are incompatible.
        Type 'string' is not assignable to type 'never'.
src/services/booking.service.ts(130,9): error TS2561: Object literal may only specify known properties, but 'tour' does not exist in type 'bookingsInclude<DefaultArgs>'. Did you mean to write 'tours'?
src/services/booking.service.ts(181,25): error TS2724: '"C:/Users/fikre/EthioAI/server/node_modules/.prisma/client/index".Prisma' has no exported member named 'BookingWhereInput'. Did you mean 'bookingsWhereInput'?
src/services/booking.service.ts(227,27): error TS2724: '"C:/Users/fikre/EthioAI/server/node_modules/.prisma/client/index".Prisma' has no exported member named 'BookingOrderByWithRelationInput'. Did you mean 'bookingsOrderByWithRelationInput'?
src/services/booking.service.ts(246,11): error TS2561: Object literal may only specify known properties, but 'tour' does not exist in type 'bookingsInclude<DefaultArgs>'. Did you mean to write 'tours'?
src/services/booking.service.ts(292,9): error TS2561: Object literal may only specify known properties, but 'tour' does not exist in type 'bookingsInclude<DefaultArgs>'. Did you mean to write 'tours'?
src/services/booking.service.ts(391,7): error TS2322: Type '{ startDate: Date; endDate: Date; adults?: number; children?: number; notes?: string; specialRequests?: string; participants?: { email?: string; phone?: string; firstName?: string; lastName?: string; ... 4 more ...; medicalConditions?: string; }[]; }' is not assignable to type '(Without<bookingsUpdateInput, bookingsUncheckedUpdateInput> & bookingsUncheckedUpdateInput) | (Without<...> & bookingsUpdateInput)'.
  Type '{ startDate: Date; endDate: Date; adults?: number; children?: number; notes?: string; specialRequests?: string; participants?: { email?: string; phone?: string; firstName?: string; lastName?: string; ... 4 more ...; medicalConditions?: string; }[]; }' is not assignable to type 'Without<bookingsUncheckedUpdateInput, bookingsUpdateInput> & bookingsUpdateInput'.
    Types of property 'participants' are incompatible.
      Type '{ email?: string; phone?: string; firstName?: string; lastName?: string; age?: number; passportNumber?: string; nationality?: string; dietaryRequirements?: string; medicalConditions?: string; }[]' is not assignable to type 'string | NullableStringFieldUpdateOperationsInput'.
src/services/booking.service.ts(397,9): error TS2561: Object literal may only specify known properties, but 'tour' does not exist in type 'bookingsInclude<DefaultArgs>'. Did you mean to write 'tours'?
src/services/booking.service.ts(443,9): error TS2561: Object literal may only specify known properties, but 'tour' does not exist in type 'bookingsInclude<DefaultArgs>'. Did you mean to write 'tours'?
src/services/booking.service.ts(487,9): error TS2561: Object literal may only specify known properties, but 'tour' does not exist in type 'bookingsInclude<DefaultArgs>'. Did you mean to write 'tours'?
src/services/booking.service.ts(520,36): error TS2339: Property 'promoCode' does not exist on type 'PrismaClient<PrismaClientOptions, never, DefaultArgs>'.
src/services/booking.service.ts(617,25): error TS2724: '"C:/Users/fikre/EthioAI/server/node_modules/.prisma/client/index".Prisma' has no exported member named 'BookingWhereInput'. Did you mean 'bookingsWhereInput'?
src/services/chat.service.ts(1,24): error TS2724: '"@prisma/client"' has no exported member named 'ChatMessage'. Did you mean 'chat_messages'?
src/services/chat.service.ts(55,38): error TS2551: Property 'chatMessage' does not exist on type 'PrismaClient<PrismaClientOptions, never, DefaultArgs>'. Did you mean 'chat_messages'?
src/services/chat.service.ts(66,37): error TS2551: Property 'chatMessage' does not exist on type 'PrismaClient<PrismaClientOptions, never, DefaultArgs>'. Did you mean 'chat_messages'?
src/services/chat.service.ts(114,25): error TS2724: '"C:/Users/fikre/EthioAI/server/node_modules/.prisma/client/index".Prisma' has no exported member named 'ChatMessageWhereInput'. Did you mean 'chat_messagesWhereInput'?
src/services/chat.service.ts(147,27): error TS2724: '"C:/Users/fikre/EthioAI/server/node_modules/.prisma/client/index".Prisma' has no exported member named 'ChatMessageOrderByWithRelationInput'. Did you mean 'chat_messagesOrderByWithRelationInput'?
src/services/chat.service.ts(152,14): error TS2551: Property 'chatMessage' does not exist on type 'PrismaClient<PrismaClientOptions, never, DefaultArgs>'. Did you mean 'chat_messages'?
src/services/chat.service.ts(167,14): error TS2551: Property 'chatMessage' does not exist on type 'PrismaClient<PrismaClientOptions, never, DefaultArgs>'. Did you mean 'chat_messages'?
src/services/chat.service.ts(185,19): error TS2551: Property 'chatMessage' does not exist on type 'PrismaClient<PrismaClientOptions, never, DefaultArgs>'. Did you mean 'chat_messages'?
src/services/chat.service.ts(199,25): error TS2724: '"C:/Users/fikre/EthioAI/server/node_modules/.prisma/client/index".Prisma' has no exported member named 'ChatMessageWhereInput'. Did you mean 'chat_messagesWhereInput'?
src/services/chat.service.ts(205,34): error TS2551: Property 'chatMessage' does not exist on type 'PrismaClient<PrismaClientOptions, never, DefaultArgs>'. Did you mean 'chat_messages'?
src/services/chat.service.ts(238,34): error TS2551: Property 'chatMessage' does not exist on type 'PrismaClient<PrismaClientOptions, never, DefaultArgs>'. Did you mean 'chat_messages'?
src/services/chat.service.ts(246,41): error TS2551: Property 'chatMessage' does not exist on type 'PrismaClient<PrismaClientOptions, never, DefaultArgs>'. Did you mean 'chat_messages'?
src/services/chat.service.ts(263,34): error TS2551: Property 'chatMessage' does not exist on type 'PrismaClient<PrismaClientOptions, never, DefaultArgs>'. Did you mean 'chat_messages'?
src/services/chat.service.ts(276,18): error TS2551: Property 'chatMessage' does not exist on type 'PrismaClient<PrismaClientOptions, never, DefaultArgs>'. Did you mean 'chat_messages'?
src/services/chat.service.ts(287,39): error TS2551: Property 'chatMessage' does not exist on type 'PrismaClient<PrismaClientOptions, never, DefaultArgs>'. Did you mean 'chat_messages'?
src/services/chat.service.ts(305,34): error TS2551: Property 'chatMessage' does not exist on type 'PrismaClient<PrismaClientOptions, never, DefaultArgs>'. Did you mean 'chat_messages'?
src/services/chat.service.ts(328,18): error TS2551: Property 'chatMessage' does not exist on type 'PrismaClient<PrismaClientOptions, never, DefaultArgs>'. Did you mean 'chat_messages'?
src/services/chat.service.ts(346,25): error TS2724: '"C:/Users/fikre/EthioAI/server/node_modules/.prisma/client/index".Prisma' has no exported member named 'ChatMessageWhereInput'. Did you mean 'chat_messagesWhereInput'?
src/services/chat.service.ts(373,14): error TS2551: Property 'chatMessage' does not exist on type 'PrismaClient<PrismaClientOptions, never, DefaultArgs>'. Did you mean 'chat_messages'?
src/services/chat.service.ts(374,14): error TS2551: Property 'chatMessage' does not exist on type 'PrismaClient<PrismaClientOptions, never, DefaultArgs>'. Did you mean 'chat_messages'?
src/services/chat.service.ts(380,14): error TS2551: Property 'chatMessage' does not exist on type 'PrismaClient<PrismaClientOptions, never, DefaultArgs>'. Did you mean 'chat_messages'?
src/services/chat.service.ts(385,14): error TS2551: Property 'chatMessage' does not exist on type 'PrismaClient<PrismaClientOptions, never, DefaultArgs>'. Did you mean 'chat_messages'?
src/services/chat.service.ts(390,14): error TS2551: Property 'chatMessage' does not exist on type 'PrismaClient<PrismaClientOptions, never, DefaultArgs>'. Did you mean 'chat_messages'?
src/services/chat.service.ts(461,35): error TS2551: Property 'chatMessage' does not exist on type 'PrismaClient<PrismaClientOptions, never, DefaultArgs>'. Did you mean 'chat_messages'?
src/services/chat.service.ts(523,35): error TS2551: Property 'chatMessage' does not exist on type 'PrismaClient<PrismaClientOptions, never, DefaultArgs>'. Did you mean 'chat_messages'?
src/services/cultural.service.ts(1,24): error TS2724: '"@prisma/client"' has no exported member named 'CulturalContent'. Did you mean 'cultural_content'?
src/services/cultural.service.ts(1,41): error TS2305: Module '"@prisma/client"' has no exported member 'ContentStatus'.
src/services/cultural.service.ts(47,42): error TS2551: Property 'culturalContent' does not exist on type 'PrismaClient<PrismaClientOptions, never, DefaultArgs>'. Did you mean 'cultural_content'?
src/services/cultural.service.ts(56,34): error TS2551: Property 'culturalContent' does not exist on type 'PrismaClient<PrismaClientOptions, never, DefaultArgs>'. Did you mean 'cultural_content'?
src/services/cultural.service.ts(103,25): error TS2724: '"C:/Users/fikre/EthioAI/server/node_modules/.prisma/client/index".Prisma' has no exported member named 'CulturalContentWhereInput'. Did you mean 'cultural_contentWhereInput'?
src/services/cultural.service.ts(158,27): error TS2724: '"C:/Users/fikre/EthioAI/server/node_modules/.prisma/client/index".Prisma' has no exported member named 'CulturalContentOrderByWithRelationInput'. Did you mean 'cultural_contentOrderByWithRelationInput'?
src/services/cultural.service.ts(163,14): error TS2551: Property 'culturalContent' does not exist on type 'PrismaClient<PrismaClientOptions, never, DefaultArgs>'. Did you mean 'cultural_content'?
src/services/cultural.service.ts(169,14): error TS2551: Property 'culturalContent' does not exist on type 'PrismaClient<PrismaClientOptions, never, DefaultArgs>'. Did you mean 'cultural_content'?
src/services/cultural.service.ts(187,34): error TS2551: Property 'culturalContent' does not exist on type 'PrismaClient<PrismaClientOptions, never, DefaultArgs>'. Did you mean 'cultural_content'?
src/services/cultural.service.ts(207,42): error TS2551: Property 'culturalContent' does not exist on type 'PrismaClient<PrismaClientOptions, never, DefaultArgs>'. Did you mean 'cultural_content'?
src/services/cultural.service.ts(226,47): error TS2551: Property 'culturalContent' does not exist on type 'PrismaClient<PrismaClientOptions, never, DefaultArgs>'. Did you mean 'cultural_content'?
src/services/cultural.service.ts(240,34): error TS2551: Property 'culturalContent' does not exist on type 'PrismaClient<PrismaClientOptions, never, DefaultArgs>'. Did you mean 'cultural_content'?
src/services/cultural.service.ts(259,34): error TS2551: Property 'culturalContent' does not exist on type 'PrismaClient<PrismaClientOptions, never, DefaultArgs>'. Did you mean 'cultural_content'?
src/services/cultural.service.ts(272,18): error TS2551: Property 'culturalContent' does not exist on type 'PrismaClient<PrismaClientOptions, never, DefaultArgs>'. Did you mean 'cultural_content'?
src/services/cultural.service.ts(291,34): error TS2551: Property 'culturalContent' does not exist on type 'PrismaClient<PrismaClientOptions, never, DefaultArgs>'. Did you mean 'cultural_content'?
src/services/cultural.service.ts(304,41): error TS2551: Property 'culturalContent' does not exist on type 'PrismaClient<PrismaClientOptions, never, DefaultArgs>'. Did you mean 'cultural_content'?
src/services/cultural.service.ts(324,19): error TS2551: Property 'culturalContent' does not exist on type 'PrismaClient<PrismaClientOptions, never, DefaultArgs>'. Did you mean 'cultural_content'?
src/services/cultural.service.ts(343,19): error TS2551: Property 'culturalContent' does not exist on type 'PrismaClient<PrismaClientOptions, never, DefaultArgs>'. Did you mean 'cultural_content'?
src/services/cultural.service.ts(362,19): error TS2551: Property 'culturalContent' does not exist on type 'PrismaClient<PrismaClientOptions, never, DefaultArgs>'. Did you mean 'cultural_content'?
src/services/cultural.service.ts(399,23): error TS2724: '"C:/Users/fikre/EthioAI/server/node_modules/.prisma/client/index".Prisma' has no exported member named 'CulturalContentWhereInput'. Did you mean 'cultural_contentWhereInput'?
src/services/cultural.service.ts(425,19): error TS2551: Property 'culturalContent' does not exist on type 'PrismaClient<PrismaClientOptions, never, DefaultArgs>'. Did you mean 'cultural_content'?
src/services/cultural.service.ts(462,25): error TS2724: '"C:/Users/fikre/EthioAI/server/node_modules/.prisma/client/index".Prisma' has no exported member named 'CulturalContentWhereInput'. Did you mean 'cultural_contentWhereInput'?
src/services/cultural.service.ts(495,14): error TS2551: Property 'culturalContent' does not exist on type 'PrismaClient<PrismaClientOptions, never, DefaultArgs>'. Did you mean 'cultural_content'?
src/services/cultural.service.ts(496,14): error TS2551: Property 'culturalContent' does not exist on type 'PrismaClient<PrismaClientOptions, never, DefaultArgs>'. Did you mean 'cultural_content'?
src/services/cultural.service.ts(497,14): error TS2551: Property 'culturalContent' does not exist on type 'PrismaClient<PrismaClientOptions, never, DefaultArgs>'. Did you mean 'cultural_content'?
src/services/cultural.service.ts(498,14): error TS2551: Property 'culturalContent' does not exist on type 'PrismaClient<PrismaClientOptions, never, DefaultArgs>'. Did you mean 'cultural_content'?
src/services/cultural.service.ts(499,14): error TS2551: Property 'culturalContent' does not exist on type 'PrismaClient<PrismaClientOptions, never, DefaultArgs>'. Did you mean 'cultural_content'?
src/services/cultural.service.ts(500,14): error TS2551: Property 'culturalContent' does not exist on type 'PrismaClient<PrismaClientOptions, never, DefaultArgs>'. Did you mean 'cultural_content'?
src/services/cultural.service.ts(505,14): error TS2551: Property 'culturalContent' does not exist on type 'PrismaClient<PrismaClientOptions, never, DefaultArgs>'. Did you mean 'cultural_content'?
src/services/cultural.service.ts(542,19): error TS2551: Property 'culturalContent' does not exist on type 'PrismaClient<PrismaClientOptions, never, DefaultArgs>'. Did you mean 'cultural_content'?
src/services/cultural.service.ts(557,37): error TS2551: Property 'culturalContent' does not exist on type 'PrismaClient<PrismaClientOptions, never, DefaultArgs>'. Did you mean 'cultural_content'?
src/services/cultural.service.ts(580,34): error TS2551: Property 'culturalContent' does not exist on type 'PrismaClient<PrismaClientOptions, never, DefaultArgs>'. Did you mean 'cultural_content'?
src/services/cultural.service.ts(614,38): error TS2551: Property 'culturalContent' does not exist on type 'PrismaClient<PrismaClientOptions, never, DefaultArgs>'. Did you mean 'cultural_content'?
src/services/cultural.service.ts(634,26): error TS2551: Property 'culturalContent' does not exist on type 'PrismaClient<PrismaClientOptions, never, DefaultArgs>'. Did you mean 'cultural_content'?
src/services/cultural.service.ts(640,26): error TS2551: Property 'culturalContent' does not exist on type 'PrismaClient<PrismaClientOptions, never, DefaultArgs>'. Did you mean 'cultural_content'?
src/services/cultural.service.ts(646,26): error TS2551: Property 'culturalContent' does not exist on type 'PrismaClient<PrismaClientOptions, never, DefaultArgs>'. Did you mean 'cultural_content'?
src/services/cultural.service.ts(651,26): error TS2551: Property 'culturalContent' does not exist on type 'PrismaClient<PrismaClientOptions, never, DefaultArgs>'. Did you mean 'cultural_content'?
src/services/cultural.service.ts(657,26): error TS2551: Property 'culturalContent' does not exist on type 'PrismaClient<PrismaClientOptions, never, DefaultArgs>'. Did you mean 'cultural_content'?
src/services/email-verification.service.ts(30,33): error TS2551: Property 'user' does not exist on type 'PrismaClient<PrismaClientOptions, never, DefaultArgs>'. Did you mean 'users'?
src/services/email-verification.service.ts(48,43): error TS2551: Property 'user' does not exist on type 'PrismaClient<PrismaClientOptions, never, DefaultArgs>'. Did you mean 'users'?
src/services/email-verification.service.ts(147,31): error TS2551: Property 'user' does not exist on type 'Omit<PrismaClient<PrismaClientOptions, never, DefaultArgs>, "$connect" | "$disconnect" | "$on" | "$transaction" | "$use" | "$extends">'. Did you mean 'users'?
src/services/email-verification.service.ts(256,31): error TS2551: Property 'user' does not exist on type 'PrismaClient<PrismaClientOptions, never, DefaultArgs>'. Did you mean 'users'?
src/services/modern-ai.service.ts(60,35): error TS2339: Property 'chat' does not exist on type 'void'.
src/services/monitoring.service.ts(137,55): error TS2345: Argument of type '{ ttl: number; }' is not assignable to parameter of type 'number'.
src/services/monitoring.service.ts(246,45): error TS2558: Expected 0 type arguments, but got 1.
src/services/monitoring.service.ts(271,46): error TS2558: Expected 0 type arguments, but got 1.
src/services/monitoring.service.ts(344,47): error TS2345: Argument of type '{ ttl: number; }' is not assignable to parameter of type 'number'.
src/services/notification/base.service.ts(33,46): error TS2551: Property 'notification' does not exist on type 'PrismaClient<PrismaClientOptions, never, DefaultArgs>'. Did you mean 'notifications'?
src/services/notification/base.service.ts(70,47): error TS2551: Property 'notification' does not exist on type 'PrismaClient<PrismaClientOptions, never, DefaultArgs>'. Did you mean 'notifications'?
src/services/notification/base.service.ts(86,46): error TS2551: Property 'notification' does not exist on type 'PrismaClient<PrismaClientOptions, never, DefaultArgs>'. Did you mean 'notifications'?
src/services/notification/base.service.ts(94,25): error TS2551: Property 'notification' does not exist on type 'PrismaClient<PrismaClientOptions, never, DefaultArgs>'. Did you mean 'notifications'?
src/services/notification/base.service.ts(112,25): error TS2551: Property 'notification' does not exist on type 'PrismaClient<PrismaClientOptions, never, DefaultArgs>'. Did you mean 'notifications'?
src/services/notification/base.service.ts(132,46): error TS2551: Property 'notification' does not exist on type 'PrismaClient<PrismaClientOptions, never, DefaultArgs>'. Did you mean 'notifications'?
src/services/notification/base.service.ts(140,25): error TS2551: Property 'notification' does not exist on type 'PrismaClient<PrismaClientOptions, never, DefaultArgs>'. Did you mean 'notifications'?
src/services/notification/base.service.ts(157,47): error TS2551: Property 'notificationPreferences' does not exist on type 'PrismaClient<PrismaClientOptions, never, DefaultArgs>'. Did you mean 'notification_preferences'?
src/services/notification/base.service.ts(161,46): error TS2551: Property 'notificationPreferences' does not exist on type 'PrismaClient<PrismaClientOptions, never, DefaultArgs>'. Did you mean 'notification_preferences'?
src/services/notification/base.service.ts(190,43): error TS2551: Property 'notificationPreferences' does not exist on type 'PrismaClient<PrismaClientOptions, never, DefaultArgs>'. Did you mean 'notification_preferences'?
src/services/notification/base.service.ts(196,41): error TS2551: Property 'notificationPreferences' does not exist on type 'PrismaClient<PrismaClientOptions, never, DefaultArgs>'. Did you mean 'notification_preferences'?
src/services/notification/base.service.ts(231,25): error TS2551: Property 'notification' does not exist on type 'PrismaClient<PrismaClientOptions, never, DefaultArgs>'. Did you mean 'notifications'?
src/services/notification/base.service.ts(332,39): error TS2551: Property 'user' does not exist on type 'PrismaClient<PrismaClientOptions, never, DefaultArgs>'. Did you mean 'users'?
src/services/notification/base.service.ts(350,37): error TS2551: Property 'user' does not exist on type 'PrismaClient<PrismaClientOptions, never, DefaultArgs>'. Did you mean 'users'?
src/services/notification/enhanced-notification.service.ts(56,46): error TS2551: Property 'notification' does not exist on type 'PrismaClient<PrismaClientOptions, never, DefaultArgs>'. Did you mean 'notifications'?
src/services/notification/enhanced-notification.service.ts(167,52): error TS2551: Property 'notification' does not exist on type 'PrismaClient<PrismaClientOptions, never, DefaultArgs>'. Did you mean 'notifications'?
src/services/notification/enhanced-notification.service.ts(285,39): error TS2551: Property 'notification' does not exist on type 'PrismaClient<PrismaClientOptions, never, DefaultArgs>'. Did you mean 'notifications'?
src/services/notification/enhanced-notification.service.ts(288,45): error TS2551: Property 'notification' does not exist on type 'PrismaClient<PrismaClientOptions, never, DefaultArgs>'. Did you mean 'notifications'?
src/services/notification/enhanced-notification.service.ts(312,47): error TS2551: Property 'notification' does not exist on type 'PrismaClient<PrismaClientOptions, never, DefaultArgs>'. Did you mean 'notifications'?
src/services/notification/enhanced-notification.service.ts(333,40): error TS2551: Property 'notification' does not exist on type 'PrismaClient<PrismaClientOptions, never, DefaultArgs>'. Did you mean 'notifications'?
src/services/notification/enhanced-notification.service.ts(355,40): error TS2551: Property 'notification' does not exist on type 'PrismaClient<PrismaClientOptions, never, DefaultArgs>'. Did you mean 'notifications'?
src/services/notification/enhanced-notification.service.ts(373,40): error TS2551: Property 'notification' does not exist on type 'PrismaClient<PrismaClientOptions, never, DefaultArgs>'. Did you mean 'notifications'?
src/services/notification/enhanced-notification.service.ts(398,47): error TS2551: Property 'notification' does not exist on type 'PrismaClient<PrismaClientOptions, never, DefaultArgs>'. Did you mean 'notifications'?
src/services/notification/notification.service.ts(150,39): error TS2551: Property 'notification' does not exist on type 'PrismaClient<PrismaClientOptions, never, DefaultArgs>'. Did you mean 'notifications'?
src/services/notification/notification.service.ts(166,25): error TS2551: Property 'notification' does not exist on type 'PrismaClient<PrismaClientOptions, never, DefaultArgs>'. Did you mean 'notifications'?
src/services/notification/notification.service.ts(184,25): error TS2551: Property 'notification' does not exist on type 'PrismaClient<PrismaClientOptions, never, DefaultArgs>'. Did you mean 'notifications'?
src/services/notification/preferences.service.ts(21,43): error TS2551: Property 'notificationPreferences' does not exist on type 'PrismaClient<PrismaClientOptions, never, DefaultArgs>'. Did you mean 'notification_preferences'?
src/services/notification/preferences.service.ts(63,52): error TS2551: Property 'notificationPreferences' does not exist on type 'PrismaClient<PrismaClientOptions, never, DefaultArgs>'. Did you mean 'notification_preferences'?
src/services/notification/preferences.service.ts(230,25): error TS2551: Property 'notificationPreferences' does not exist on type 'PrismaClient<PrismaClientOptions, never, DefaultArgs>'. Did you mean 'notification_preferences'?
src/services/notification/preferences.service.ts(247,45): error TS2551: Property 'notificationPreferences' does not exist on type 'PrismaClient<PrismaClientOptions, never, DefaultArgs>'. Did you mean 'notification_preferences'?
src/services/notification/preferences.service.ts(278,30): error TS2551: Property 'notificationPreferences' does not exist on type 'PrismaClient<PrismaClientOptions, never, DefaultArgs>'. Did you mean 'notification_preferences'?
src/services/notification/processor.service.ts(294,62): error TS2551: Property 'user' does not exist on type 'PrismaClient<PrismaClientOptions, never, DefaultArgs>'. Did you mean 'users'?
src/services/notification/processor.service.ts(304,68): error TS2551: Property 'user' does not exist on type 'PrismaClient<PrismaClientOptions, never, DefaultArgs>'. Did you mean 'users'?
src/services/notification/processor.service.ts(315,72): error TS2551: Property 'user' does not exist on type 'PrismaClient<PrismaClientOptions, never, DefaultArgs>'. Did you mean 'users'?
src/services/notification/processor.service.ts(370,77): error TS2551: Property 'notification' does not exist on type 'PrismaClient<PrismaClientOptions, never, DefaultArgs>'. Did you mean 'notifications'?
src/services/notification/processor.service.ts(395,52): error TS2551: Property 'notification' does not exist on type 'PrismaClient<PrismaClientOptions, never, DefaultArgs>'. Did you mean 'notifications'?
src/services/order.service.ts(64,36): error TS2551: Property 'product' does not exist on type 'PrismaClient<PrismaClientOptions, never, DefaultArgs>'. Did you mean 'products'?
src/services/order.service.ts(110,38): error TS2339: Property 'promoCode' does not exist on type 'PrismaClient<PrismaClientOptions, never, DefaultArgs>'.
src/services/order.service.ts(165,33): error TS2551: Property 'order' does not exist on type 'Omit<PrismaClient<PrismaClientOptions, never, DefaultArgs>, "$connect" | "$disconnect" | "$on" | "$transaction" | "$use" | "$extends">'. Did you mean 'orders'?
src/services/order.service.ts(183,18): error TS2551: Property 'orderItem' does not exist on type 'Omit<PrismaClient<PrismaClientOptions, never, DefaultArgs>, "$connect" | "$disconnect" | "$on" | "$transaction" | "$use" | "$extends">'. Did you mean 'order_items'?
src/services/order.service.ts(195,18): error TS2551: Property 'product' does not exist on type 'Omit<PrismaClient<PrismaClientOptions, never, DefaultArgs>, "$connect" | "$disconnect" | "$on" | "$transaction" | "$use" | "$extends">'. Did you mean 'products'?
src/services/order.service.ts(212,9): error TS2353: Object literal may only specify known properties, and 'items' does not exist in type 'ordersInclude<DefaultArgs>'.
src/services/order.service.ts(264,25): error TS2724: '"C:/Users/fikre/EthioAI/server/node_modules/.prisma/client/index".Prisma' has no exported member named 'OrderWhereInput'. Did you mean 'ordersWhereInput'?
src/services/order.service.ts(305,27): error TS2724: '"C:/Users/fikre/EthioAI/server/node_modules/.prisma/client/index".Prisma' has no exported member named 'OrderOrderByWithRelationInput'. Did you mean 'ordersOrderByWithRelationInput'?
src/services/order.service.ts(322,11): error TS2353: Object literal may only specify known properties, and 'items' does not exist in type 'ordersInclude<DefaultArgs>'.
src/services/order.service.ts(363,9): error TS2353: Object literal may only specify known properties, and 'items' does not exist in type 'ordersInclude<DefaultArgs>'.
src/services/order.service.ts(433,7): error TS2322: Type '{ notes?: string; shippingAddress?: { phone?: string; firstName?: string; lastName?: string; country?: string; city?: string; company?: string; address1?: string; address2?: string; state?: string; postalCode?: string; }; billingAddress?: { ...; }; trackingNumber?: string; }' is not assignable to type '(Without<ordersUpdateInput, ordersUncheckedUpdateInput> & ordersUncheckedUpdateInput) | (Without<...> & ordersUpdateInput)'.
  Type '{ notes?: string; shippingAddress?: { phone?: string; firstName?: string; lastName?: string; country?: string; city?: string; company?: string; address1?: string; address2?: string; state?: string; postalCode?: string; }; billingAddress?: { ...; }; trackingNumber?: string; }' is not assignable to type 'Without<ordersUncheckedUpdateInput, ordersUpdateInput> & ordersUpdateInput'.
    Types of property 'shippingAddress' are incompatible.
      Type '{ phone?: string; firstName?: string; lastName?: string; country?: string; city?: string; company?: string; address1?: string; address2?: string; state?: string; postalCode?: string; }' is not assignable to type 'string | StringFieldUpdateOperationsInput'.
src/services/order.service.ts(435,9): error TS2353: Object literal may only specify known properties, and 'items' does not exist in type 'ordersInclude<DefaultArgs>'.
src/services/order.service.ts(456,9): error TS2353: Object literal may only specify known properties, and 'items' does not exist in type 'ordersInclude<DefaultArgs>'.
src/services/order.service.ts(481,39): error TS2551: Property 'order' does not exist on type 'Omit<PrismaClient<PrismaClientOptions, never, DefaultArgs>, "$connect" | "$disconnect" | "$on" | "$transaction" | "$use" | "$extends">'. Did you mean 'orders'?
src/services/order.service.ts(498,32): error TS2339: Property 'items' does not exist on type '{ status: string; id: string; userId: string; notes: string; createdAt: Date; updatedAt: Date; total: Decimal; shipping: Decimal; shippingAddress: string; billingAddress: string; ... 4 more ...; discount: Decimal; }'.
src/services/order.service.ts(499,18): error TS2551: Property 'product' does not exist on type 'Omit<PrismaClient<PrismaClientOptions, never, DefaultArgs>, "$connect" | "$disconnect" | "$on" | "$transaction" | "$use" | "$extends">'. Did you mean 'products'?
src/services/order.service.ts(551,9): error TS2353: Object literal may only specify known properties, and 'items' does not exist in type 'ordersInclude<DefaultArgs>'.
src/services/order.service.ts(593,25): error TS2724: '"C:/Users/fikre/EthioAI/server/node_modules/.prisma/client/index".Prisma' has no exported member named 'OrderWhereInput'. Did you mean 'ordersWhereInput'?
src/services/password-reset.service.ts(31,33): error TS2551: Property 'user' does not exist on type 'PrismaClient<PrismaClientOptions, never, DefaultArgs>'. Did you mean 'users'?
src/services/payment.service.ts(36,5): error TS2322: Type '"2024-11-20.acacia"' is not assignable to type '"2026-02-25.clover"'.
src/services/payment.service.ts(55,36): error TS2551: Property 'booking' does not exist on type 'PrismaClient<PrismaClientOptions, never, DefaultArgs>'. Did you mean 'bookings'?
src/services/payment.service.ts(81,34): error TS2551: Property 'order' does not exist on type 'PrismaClient<PrismaClientOptions, never, DefaultArgs>'. Did you mean 'orders'?
src/services/payment.service.ts(112,9): error TS2322: Type '{ paymentId: string; userId: string; bookingId: string; orderId: string; amount: number; currency: string; method: string; status: string; gatewayResponse: any; }' is not assignable to type '(Without<paymentsCreateInput, paymentsUncheckedCreateInput> & paymentsUncheckedCreateInput) | (Without<...> & paymentsCreateInput)'.
  Type '{ paymentId: string; userId: string; bookingId: string; orderId: string; amount: number; currency: string; method: string; status: string; gatewayResponse: any; }' is not assignable to type 'Without<paymentsUncheckedCreateInput, paymentsCreateInput> & paymentsCreateInput'.
    Type '{ paymentId: string; userId: string; bookingId: string; orderId: string; amount: number; currency: string; method: string; status: string; gatewayResponse: any; }' is not assignable to type 'Without<paymentsUncheckedCreateInput, paymentsCreateInput>'.
      Types of property 'userId' are incompatible.
        Type 'string' is not assignable to type 'never'.
src/services/payment.service.ts(152,36): error TS2551: Property 'booking' does not exist on type 'PrismaClient<PrismaClientOptions, never, DefaultArgs>'. Did you mean 'bookings'?
src/services/payment.service.ts(166,34): error TS2551: Property 'order' does not exist on type 'PrismaClient<PrismaClientOptions, never, DefaultArgs>'. Did you mean 'orders'?
src/services/payment.service.ts(212,9): error TS2322: Type '{ paymentId: string; userId: string; bookingId: string; orderId: string; amount: number; currency: string; method: string; status: string; gatewayResponse: any; }' is not assignable to type '(Without<paymentsCreateInput, paymentsUncheckedCreateInput> & paymentsUncheckedCreateInput) | (Without<...> & paymentsCreateInput)'.
  Type '{ paymentId: string; userId: string; bookingId: string; orderId: string; amount: number; currency: string; method: string; status: string; gatewayResponse: any; }' is not assignable to type 'Without<paymentsUncheckedCreateInput, paymentsCreateInput> & paymentsCreateInput'.
    Type '{ paymentId: string; userId: string; bookingId: string; orderId: string; amount: number; currency: string; method: string; status: string; gatewayResponse: any; }' is not assignable to type 'Without<paymentsUncheckedCreateInput, paymentsCreateInput>'.
      Types of property 'userId' are incompatible.
        Type 'string' is not assignable to type 'never'.
src/services/payment.service.ts(271,19): error TS2304: Cannot find name 'PaymentStatus'.
src/services/payment.service.ts(290,22): error TS2551: Property 'booking' does not exist on type 'PrismaClient<PrismaClientOptions, never, DefaultArgs>'. Did you mean 'bookings'?
src/services/payment.service.ts(338,19): error TS2304: Cannot find name 'PaymentStatus'.
src/services/payment.service.ts(355,22): error TS2551: Property 'booking' does not exist on type 'PrismaClient<PrismaClientOptions, never, DefaultArgs>'. Did you mean 'bookings'?
src/services/payment.service.ts(398,25): error TS2724: '"C:/Users/fikre/EthioAI/server/node_modules/.prisma/client/index".Prisma' has no exported member named 'PaymentWhereInput'. Did you mean 'paymentsWhereInput'?
src/services/payment.service.ts(438,27): error TS2724: '"C:/Users/fikre/EthioAI/server/node_modules/.prisma/client/index".Prisma' has no exported member named 'PaymentOrderByWithRelationInput'. Did you mean 'paymentsOrderByWithRelationInput'?
src/services/payment.service.ts(455,11): error TS2561: Object literal may only specify known properties, but 'user' does not exist in type 'paymentsInclude<DefaultArgs>'. Did you mean to write 'users'?
src/services/payment.service.ts(496,9): error TS2561: Object literal may only specify known properties, but 'user' does not exist in type 'paymentsInclude<DefaultArgs>'. Did you mean to write 'users'?
src/services/payment.service.ts(577,32): error TS2698: Spread types may only be created from object types.
src/services/payment.service.ts(583,24): error TS2551: Property 'booking' does not exist on type 'PrismaClient<PrismaClientOptions, never, DefaultArgs>'. Did you mean 'bookings'?
src/services/payment.service.ts(607,24): error TS2551: Property 'booking' does not exist on type 'PrismaClient<PrismaClientOptions, never, DefaultArgs>'. Did you mean 'bookings'?
src/services/payment.service.ts(633,25): error TS2724: '"C:/Users/fikre/EthioAI/server/node_modules/.prisma/client/index".Prisma' has no exported member named 'PaymentWhereInput'. Did you mean 'paymentsWhereInput'?
src/services/product.service.ts(36,40): error TS2551: Property 'vendorProfile' does not exist on type 'PrismaClient<PrismaClientOptions, never, DefaultArgs>'. Did you mean 'vendor_profiles'?
src/services/product.service.ts(45,35): error TS2339: Property 'category' does not exist on type 'PrismaClient<PrismaClientOptions, never, DefaultArgs>'.
src/services/product.service.ts(75,9): error TS2353: Object literal may only specify known properties, and 'materials' does not exist in type '(Without<productsCreateInput, productsUncheckedCreateInput> & productsUncheckedCreateInput) | (Without<...> & productsCreateInput)'.
src/services/product.service.ts(83,13): error TS2561: Object literal may only specify known properties, but 'user' does not exist in type 'vendor_profilesInclude<DefaultArgs>'. Did you mean to write 'users'?
src/services/product.service.ts(135,25): error TS2724: '"C:/Users/fikre/EthioAI/server/node_modules/.prisma/client/index".Prisma' has no exported member named 'ProductWhereInput'. Did you mean 'productsWhereInput'?
src/services/product.service.ts(201,27): error TS2724: '"C:/Users/fikre/EthioAI/server/node_modules/.prisma/client/index".Prisma' has no exported member named 'ProductOrderByWithRelationInput'. Did you mean 'productsOrderByWithRelationInput'?
src/services/product.service.ts(226,15): error TS2561: Object literal may only specify known properties, but 'user' does not exist in type 'vendor_profilesInclude<DefaultArgs>'. Did you mean to write 'users'?
src/services/product.service.ts(251,30): error TS2339: Property 'reviews' does not exist on type '{ name: string; status: string; id: string; sortOrder: number; description: string; createdAt: Date; updatedAt: Date; images: string; slug: string; shortDescription: string; price: Decimal; ... 9 more ...; attributes: string; }'.
src/services/product.service.ts(251,49): error TS2339: Property 'reviews' does not exist on type '{ name: string; status: string; id: string; sortOrder: number; description: string; createdAt: Date; updatedAt: Date; images: string; slug: string; shortDescription: string; price: Decimal; ... 9 more ...; attributes: string; }'.
src/services/product.service.ts(252,19): error TS2339: Property 'reviews' does not exist on type '{ name: string; status: string; id: string; sortOrder: number; description: string; createdAt: Date; updatedAt: Date; images: string; slug: string; shortDescription: string; price: Decimal; ... 9 more ...; attributes: string; }'.
src/services/product.service.ts(252,85): error TS2339: Property 'reviews' does not exist on type '{ name: string; status: string; id: string; sortOrder: number; description: string; createdAt: Date; updatedAt: Date; images: string; slug: string; shortDescription: string; price: Decimal; ... 9 more ...; attributes: string; }'.
src/services/product.service.ts(255,27): error TS2339: Property 'orderItems' does not exist on type '{ name: string; status: string; id: string; sortOrder: number; description: string; createdAt: Date; updatedAt: Date; images: string; slug: string; shortDescription: string; price: Decimal; ... 9 more ...; attributes: string; }'.
src/services/product.service.ts(285,13): error TS2561: Object literal may only specify known properties, but 'user' does not exist in type 'vendor_profilesInclude<DefaultArgs>'. Did you mean to write 'users'?
src/services/product.service.ts(298,13): error TS2561: Object literal may only specify known properties, but 'user' does not exist in type 'reviewsInclude<DefaultArgs>'. Did you mean to write 'users'?
src/services/product.service.ts(322,35): error TS2339: Property 'reviews' does not exist on type '{ name: string; status: string; id: string; sortOrder: number; description: string; createdAt: Date; updatedAt: Date; images: string; slug: string; shortDescription: string; price: Decimal; ... 9 more ...; attributes: string; }'.
src/services/product.service.ts(323,17): error TS2339: Property 'reviews' does not exist on type '{ name: string; status: string; id: string; sortOrder: number; description: string; createdAt: Date; updatedAt: Date; images: string; slug: string; shortDescription: string; price: Decimal; ... 9 more ...; attributes: string; }'.
src/services/product.service.ts(323,96): error TS2339: Property 'reviews' does not exist on type '{ name: string; status: string; id: string; sortOrder: number; description: string; createdAt: Date; updatedAt: Date; images: string; slug: string; shortDescription: string; price: Decimal; ... 9 more ...; attributes: string; }'.
src/services/product.service.ts(326,32): error TS2339: Property 'orderItems' does not exist on type '{ name: string; status: string; id: string; sortOrder: number; description: string; createdAt: Date; updatedAt: Date; images: string; slug: string; shortDescription: string; price: Decimal; ... 9 more ...; attributes: string; }'.
src/services/product.service.ts(331,28): error TS2339: Property 'reviews' does not exist on type '{ name: string; status: string; id: string; sortOrder: number; description: string; createdAt: Date; updatedAt: Date; images: string; slug: string; shortDescription: string; price: Decimal; ... 9 more ...; attributes: string; }'.
src/services/product.service.ts(380,37): error TS2339: Property 'category' does not exist on type 'PrismaClient<PrismaClientOptions, never, DefaultArgs>'.
src/services/product.service.ts(395,13): error TS2561: Object literal may only specify known properties, but 'user' does not exist in type 'vendor_profilesInclude<DefaultArgs>'. Did you mean to write 'users'?
src/services/product.service.ts(421,9): error TS2561: Object literal may only specify known properties, but 'orderItems' does not exist in type 'productsInclude<DefaultArgs>'. Did you mean to write 'order_items'?
src/services/product.service.ts(430,17): error TS2551: Property 'vendor' does not exist on type '{ name: string; status: string; id: string; sortOrder: number; description: string; createdAt: Date; updatedAt: Date; images: string; slug: string; shortDescription: string; price: Decimal; ... 9 more ...; attributes: string; }'. Did you mean 'vendorId'?
src/services/product.service.ts(435,17): error TS2339: Property 'orderItems' does not exist on type '{ name: string; status: string; id: string; sortOrder: number; description: string; createdAt: Date; updatedAt: Date; images: string; slug: string; shortDescription: string; price: Decimal; ... 9 more ...; attributes: string; }'.
src/services/product.service.ts(475,9): error TS2353: Object literal may only specify known properties, and 'category' does not exist in type 'productsInclude<DefaultArgs>'.
src/services/product.service.ts(507,13): error TS2561: Object literal may only specify known properties, but 'user' does not exist in type 'vendor_profilesInclude<DefaultArgs>'. Did you mean to write 'users'?
src/services/product.service.ts(525,30): error TS2339: Property 'reviews' does not exist on type '{ name: string; status: string; id: string; sortOrder: number; description: string; createdAt: Date; updatedAt: Date; images: string; slug: string; shortDescription: string; price: Decimal; ... 9 more ...; attributes: string; }'.
src/services/product.service.ts(525,49): error TS2339: Property 'reviews' does not exist on type '{ name: string; status: string; id: string; sortOrder: number; description: string; createdAt: Date; updatedAt: Date; images: string; slug: string; shortDescription: string; price: Decimal; ... 9 more ...; attributes: string; }'.
src/services/product.service.ts(526,19): error TS2339: Property 'reviews' does not exist on type '{ name: string; status: string; id: string; sortOrder: number; description: string; createdAt: Date; updatedAt: Date; images: string; slug: string; shortDescription: string; price: Decimal; ... 9 more ...; attributes: string; }'.
src/services/product.service.ts(526,85): error TS2339: Property 'reviews' does not exist on type '{ name: string; status: string; id: string; sortOrder: number; description: string; createdAt: Date; updatedAt: Date; images: string; slug: string; shortDescription: string; price: Decimal; ... 9 more ...; attributes: string; }'.
src/services/product.service.ts(538,9): error TS2561: Object literal may only specify known properties, but 'categoryId' does not exist in type 'productsWhereInput'. Did you mean to write 'category'?
src/services/product.service.ts(548,13): error TS2561: Object literal may only specify known properties, but 'user' does not exist in type 'vendor_profilesInclude<DefaultArgs>'. Did you mean to write 'users'?
src/services/product.service.ts(565,30): error TS2339: Property 'reviews' does not exist on type '{ name: string; status: string; id: string; sortOrder: number; description: string; createdAt: Date; updatedAt: Date; images: string; slug: string; shortDescription: string; price: Decimal; ... 9 more ...; attributes: string; }'.
src/services/product.service.ts(565,49): error TS2339: Property 'reviews' does not exist on type '{ name: string; status: string; id: string; sortOrder: number; description: string; createdAt: Date; updatedAt: Date; images: string; slug: string; shortDescription: string; price: Decimal; ... 9 more ...; attributes: string; }'.
src/services/product.service.ts(566,19): error TS2339: Property 'reviews' does not exist on type '{ name: string; status: string; id: string; sortOrder: number; description: string; createdAt: Date; updatedAt: Date; images: string; slug: string; shortDescription: string; price: Decimal; ... 9 more ...; attributes: string; }'.
src/services/product.service.ts(566,85): error TS2339: Property 'reviews' does not exist on type '{ name: string; status: string; id: string; sortOrder: number; description: string; createdAt: Date; updatedAt: Date; images: string; slug: string; shortDescription: string; price: Decimal; ... 9 more ...; attributes: string; }'.
src/services/product.service.ts(612,25): error TS2724: '"C:/Users/fikre/EthioAI/server/node_modules/.prisma/client/index".Prisma' has no exported member named 'ProductWhereInput'. Did you mean 'productsWhereInput'?
src/services/vendor.service.ts(47,7): error TS2322: Type '{ userId: string; businessEmail: string; isVerified: false; rating: null; totalReviews: number; totalSales: number; phone?: string; description?: string; address?: string; logo?: string; businessName?: string; ... 5 more ...; updatedAt: Date; }' is not assignable to type '(Without<vendor_profilesCreateInput, vendor_profilesUncheckedCreateInput> & vendor_profilesUncheckedCreateInput) | (Without<...> & vendor_profilesCreateInput)'.
  Type '{ userId: string; businessEmail: string; isVerified: false; rating: null; totalReviews: number; totalSales: number; phone?: string; description?: string; address?: string; logo?: string; businessName?: string; ... 5 more ...; updatedAt: Date; }' is not assignable to type 'Without<vendor_profilesUncheckedCreateInput, vendor_profilesCreateInput> & vendor_profilesCreateInput'.
    Type '{ userId: string; businessEmail: string; isVerified: false; rating: null; totalReviews: number; totalSales: number; phone?: string; description?: string; address?: string; logo?: string; businessName?: string; ... 5 more ...; updatedAt: Date; }' is not assignable to type 'Without<vendor_profilesUncheckedCreateInput, vendor_profilesCreateInput>'.
      Types of property 'userId' are incompatible.
        Type 'string' is not assignable to type 'never'.
src/services/vendor.service.ts(407,7): error TS2322: Type '{ slug: string; name?: string; description?: string; image?: string; parentId?: string; id: `${string}-${string}-${string}-${string}-${string}`; updatedAt: Date; }' is not assignable to type '(Without<categoriesCreateInput, categoriesUncheckedCreateInput> & categoriesUncheckedCreateInput) | (Without<...> & categoriesCreateInput)'.
  Type '{ slug: string; name?: string; description?: string; image?: string; parentId?: string; id: `${string}-${string}-${string}-${string}-${string}`; updatedAt: Date; }' is not assignable to type 'Without<categoriesUncheckedCreateInput, categoriesCreateInput> & categoriesCreateInput'.
    Type '{ slug: string; name?: string; description?: string; image?: string; parentId?: string; id: `${string}-${string}-${string}-${string}-${string}`; updatedAt: Date; }' is not assignable to type 'Without<categoriesUncheckedCreateInput, categoriesCreateInput>'.
      Types of property 'parentId' are incompatible.
        Type 'string' is not assignable to type 'never'.
src/test-notification-infrastructure.ts(24,9): error TS2322: Type '{ email: string; passwordHash: string; name: string; role: string; }' is not assignable to type '(Without<usersCreateInput, usersUncheckedCreateInput> & usersUncheckedCreateInput) | (Without<...> & usersCreateInput)'.
  Type '{ email: string; passwordHash: string; name: string; role: string; }' is not assignable to type 'Without<usersUncheckedCreateInput, usersCreateInput> & usersCreateInput'.
    Type '{ email: string; passwordHash: string; name: string; role: string; }' is missing the following properties from type 'usersCreateInput': id, updatedAt
